<?xml version="1.0" encoding="utf-16"?>
<FlowDocument PagePadding="0,0,0,0" xmlns="http://schemas.microsoft.com/winfx/2006/xaml/presentation">
  <Paragraph>Just a <Hyperlink Command="GoToPage" CommandParameter="/url/">URL</Hyperlink>.</Paragraph>
  <Paragraph>
    <Hyperlink Command="GoToPage" CommandParameter="/url/" ToolTip="title">URL and title</Hyperlink>.</Paragraph>
  <Paragraph>
    <Hyperlink Command="GoToPage" CommandParameter="/url/" ToolTip="title preceded by two spaces">URL and title</Hyperlink>.</Paragraph>
  <Paragraph>
    <Hyperlink Command="GoToPage" CommandParameter="/url/" ToolTip="title preceded by a tab">URL and title</Hyperlink>.</Paragraph>
  <Paragraph>
    <Hyperlink Command="GoToPage" CommandParameter="/url/" ToolTip="title has spaces afterward">URL and title</Hyperlink>.</Paragraph>
  <Paragraph>
    <Hyperlink Command="GoToPage" CommandParameter="&lt;/url/&gt;">URL wrapped in angle brackets</Hyperlink>.</Paragraph>
  <Paragraph>
    <Hyperlink Command="GoToPage" CommandParameter="&lt;/url/&gt;" ToolTip="Here's the title">URL w/ angle brackets + title</Hyperlink>.</Paragraph>
  <Paragraph>
    <Hyperlink Command="GoToPage" CommandParameter="">Empty</Hyperlink>.</Paragraph>
  <Paragraph>
    <Hyperlink Command="GoToPage" CommandParameter="http://en.wikipedia.org/wiki/WIMP_(computing)">With parens in the URL</Hyperlink>
  </Paragraph>
  <Paragraph>(With outer parens and <Hyperlink Command="GoToPage" CommandParameter="/foo(bar)">parens in url</Hyperlink>)</Paragraph>
  <Paragraph>
    <Hyperlink Command="GoToPage" CommandParameter="/foo(bar)" ToolTip="and a title">With parens in the URL</Hyperlink>
  </Paragraph>
  <Paragraph>(With outer parens and <Hyperlink Command="GoToPage" CommandParameter="/foo(bar)" ToolTip="and a title">parens in url</Hyperlink>)</Paragraph>
</FlowDocument>
