<?xml version="1.0" encoding="utf-16"?>
<FlowDocument PagePadding="0,0,0,0" xmlns="http://schemas.microsoft.com/winfx/2006/xaml/presentation" xmlns:x="http://schemas.microsoft.com/winfx/2006/xaml">
  <Paragraph>A remote <Image Tag="image" Width="1" Margin="0,0,0,0"><Image.Source><BitmapImage BaseUri="{x:Null}" UriCachePolicy="BypassCache" UriSource="http://placehold.it/350x150" CreateOptions="IgnoreImageCache" CacheOption="OnLoad" /></Image.Source></Image>.</Paragraph>
  <Paragraph>Images side by side <Image Tag="imageleft" Width="1" Margin="0,0,0,0"><Image.Source><BitmapImage BaseUri="{x:Null}" UriCachePolicy="BypassCache" UriSource="http://placehold.it/100x150/0000FF" CreateOptions="IgnoreImageCache" CacheOption="OnLoad" /></Image.Source></Image><Image Tag="imageright" Width="1" Margin="0,0,0,0"><Image.Source><BitmapImage BaseUri="{x:Null}" UriCachePolicy="BypassCache" UriSource="http://placehold.it/100x150/00FFFF" CreateOptions="IgnoreImageCache" CacheOption="OnLoad" /></Image.Source></Image></Paragraph>
  <Paragraph>A local image <Run Foreground="#FFFF0000">!sampleimage.jpg</Run>.</Paragraph>
</FlowDocument>
